{
    "demultiplexing - bam": {
        "content": [
            [
                "versions.yml:md5,c8a05d1464c5632b94e87b2cc7c37c41"
            ]
        ],
        "meta": {
            "nf-test": "0.8.4",
            "nextflow": "23.10.1"
        },
        "timestamp": "2024-05-11T18:39:09.084922"
    },
    "demultiplexing - bam - stub": {
        "content": [
            {
                "0": [
                    [
                        {
                            "id": "test"
                        },
                        "test_result.csv:md5,d41d8cd98f00b204e9800998ecf8427e"
                    ]
                ],
                "1": [
                    [
                        {
                            "id": "test"
                        },
                        "test_dist_variants.txt:md5,d41d8cd98f00b204e9800998ecf8427e"
                    ]
                ],
                "2": [
                    [
                        {
                            "id": "test"
                        },
                        "test_dist_matrix.csv:md5,d41d8cd98f00b204e9800998ecf8427e"
                    ]
                ],
                "3": [
                    [
                        {
                            "id": "test"
                        },
                        "test_PA_matrix.csv:md5,d41d8cd98f00b204e9800998ecf8427e"
                    ]
                ],
                "4": [
                    [
                        {
                            "id": "test"
                        },
                        "test_P_s_c.csv:md5,d41d8cd98f00b204e9800998ecf8427e"
                    ]
                ],
                "5": [
                    [
                        {
                            "id": "test"
                        },
                        "test_scSplit.log:md5,d41d8cd98f00b204e9800998ecf8427e"
                    ]
                ],
                "6": [
                    "versions.yml:md5,c8a05d1464c5632b94e87b2cc7c37c41"
                ],
                "alt_allele": [
                    [
                        {
                            "id": "test"
                        },
                        "test_PA_matrix.csv:md5,d41d8cd98f00b204e9800998ecf8427e"
                    ]
                ],
                "dist_matrix": [
                    [
                        {
                            "id": "test"
                        },
                        "test_dist_matrix.csv:md5,d41d8cd98f00b204e9800998ecf8427e"
                    ]
                ],
                "dist_variants": [
                    [
                        {
                            "id": "test"
                        },
                        "test_dist_variants.txt:md5,d41d8cd98f00b204e9800998ecf8427e"
                    ]
                ],
                "log": [
                    [
                        {
                            "id": "test"
                        },
                        "test_scSplit.log:md5,d41d8cd98f00b204e9800998ecf8427e"
                    ]
                ],
                "probability": [
                    [
                        {
                            "id": "test"
                        },
                        "test_P_s_c.csv:md5,d41d8cd98f00b204e9800998ecf8427e"
                    ]
                ],
                "result": [
                    [
                        {
                            "id": "test"
                        },
                        "test_result.csv:md5,d41d8cd98f00b204e9800998ecf8427e"
                    ]
                ],
                "versions": [
                    "versions.yml:md5,c8a05d1464c5632b94e87b2cc7c37c41"
                ]
            }
        ],
        "meta": {
            "nf-test": "0.8.4",
            "nextflow": "23.10.1"
        },
        "timestamp": "2024-05-11T18:39:50.548894"
    }
}