{
    "Homo sapiens - bam, vcf - stub": {
        "content": [
            {
                "0": [
                    [
                        {
                            "id": "test",
                            "single_end": false
                        },
                        "test_alt_filtered.csv:md5,d41d8cd98f00b204e9800998ecf8427e"
                    ]
                ],
                "1": [
                    [
                        {
                            "id": "test",
                            "single_end": false
                        },
                        "test_ref_filtered.csv:md5,d41d8cd98f00b204e9800998ecf8427e"
                    ]
                ],
                "2": [
                    [
                        {
                            "id": "test",
                            "single_end": false
                        },
                        "test_scSplit.log:md5,d41d8cd98f00b204e9800998ecf8427e"
                    ]
                ],
                "3": [
                    "versions.yml:md5,5805e8fd2d326c0e9a404729f4d8b6ab"
                ],
                "alt_filtered": [
                    [
                        {
                            "id": "test",
                            "single_end": false
                        },
                        "test_alt_filtered.csv:md5,d41d8cd98f00b204e9800998ecf8427e"
                    ]
                ],
                "log": [
                    [
                        {
                            "id": "test",
                            "single_end": false
                        },
                        "test_scSplit.log:md5,d41d8cd98f00b204e9800998ecf8427e"
                    ]
                ],
                "ref_filtered": [
                    [
                        {
                            "id": "test",
                            "single_end": false
                        },
                        "test_ref_filtered.csv:md5,d41d8cd98f00b204e9800998ecf8427e"
                    ]
                ],
                "versions": [
                    "versions.yml:md5,5805e8fd2d326c0e9a404729f4d8b6ab"
                ]
            }
        ],
        "meta": {
            "nf-test": "0.8.4",
            "nextflow": "23.10.0"
        },
        "timestamp": "2024-04-22T13:47:05.009238"
    },
    "Homo sapiens - bam, vcf": {
        "content": [
            {
                "0": [
                    [
                        {
                            "id": "test",
                            "single_end": false
                        },
                        "test_alt_filtered.csv:md5,d56762f43eab6962381d7ea046331982"
                    ]
                ],
                "1": [
                    [
                        {
                            "id": "test",
                            "single_end": false
                        },
                        "test_ref_filtered.csv:md5,d316d9e2be08bd63ef4f4117e1797a76"
                    ]
                ],
                "2": [
                    [
                        {
                            "id": "test",
                            "single_end": false
                        },
                        "test_scSplit.log:md5,c0a4ebdaeb6a6fdc521a7dc4e817b2db"
                    ]
                ],
                "3": [
                    "versions.yml:md5,5805e8fd2d326c0e9a404729f4d8b6ab"
                ],
                "alt_filtered": [
                    [
                        {
                            "id": "test",
                            "single_end": false
                        },
                        "test_alt_filtered.csv:md5,d56762f43eab6962381d7ea046331982"
                    ]
                ],
                "log": [
                    [
                        {
                            "id": "test",
                            "single_end": false
                        },
                        "test_scSplit.log:md5,c0a4ebdaeb6a6fdc521a7dc4e817b2db"
                    ]
                ],
                "ref_filtered": [
                    [
                        {
                            "id": "test",
                            "single_end": false
                        },
                        "test_ref_filtered.csv:md5,d316d9e2be08bd63ef4f4117e1797a76"
                    ]
                ],
                "versions": [
                    "versions.yml:md5,5805e8fd2d326c0e9a404729f4d8b6ab"
                ]
            }
        ],
        "meta": {
            "nf-test": "0.8.4",
            "nextflow": "23.10.0"
        },
        "timestamp": "2024-04-22T13:46:58.672431"
    }
}